Component: ARM Compiler 6.9 Tool: armlink [5ced1b00]

==============================================================================

Section Cross References

    stm32f40igx.o(RESET) refers to stm32f40igx.o(RES1) for DST


==============================================================================

Image Symbol Table

    Local Symbols

    Symbol Name                              Value     Ov Type        Size  Object(Section)

    STM32F40IGX.s                            0x00000000   Number         0  stm32f40igx.o ABSOLUTE
    RES1                                     0x20000000   Section        4  stm32f40igx.o(RES1)
    DST                                      0x20000000   Data           4  stm32f40igx.o(RES1)
    RESET                                    0x80000000   Section       52  stm32f40igx.o(RESET)
    $v0                                      0x80000008   Number         0  stm32f40igx.o(RESET)
    SRC                                      0x80000020   Data          12  stm32f40igx.o(RESET)

    Global Symbols

    Symbol Name                              Value     Ov Type        Size  Object(Section)

    BuildAttributes$$THM_ISAv4$E$P$D$K$B$S$7EM$VFPi3$EXTD16$VFPS$VFMA$PE$A:L22UL41UL21$X:L11$S22US41US21$IEEE1$~IW$USESV6$~STKCKD$USESV7$~SHL$OSPACE$EBA8$STANDARDLIB$PRES8$EABIv2 0x00000000   Number         0  anon$$obj.o ABSOLUTE



==============================================================================

Memory Map of the image

  Image Entry point : 0x80000009

  Load Region LR_IROM1 (Base: 0x80000000, Size: 0x00000038, Max: 0x00100000, ABSOLUTE)

    Execution Region RW_IRAM1 (Exec base: 0x20000000, Load base: 0x80000034, Size: 0x00000004, Max: 0x00020000, ABSOLUTE)

    Exec Addr    Load Addr    Size         Type   Attr      Idx    E Section Name        Object

    0x20000000   0x80000034   0x00000004   Data   RW            2    RES1                stm32f40igx.o


    Execution Region ER_IROM1 (Exec base: 0x80000000, Load base: 0x80000000, Size: 0x00000034, Max: 0x00100000, ABSOLUTE)

    Exec Addr    Load Addr    Size         Type   Attr      Idx    E Section Name        Object

    0x80000000   0x80000000   0x00000034   Code   RO            1  * RESET               stm32f40igx.o


==============================================================================

Image component sizes


      Code (inc. data)   RO Data    RW Data    ZI Data      Debug   Object Name

        52         28          0          4          0        276   stm32f40igx.o

    ----------------------------------------------------------------------
        52         28          0          4          0        276   Object Totals
         0          0          0          0          0          0   (incl. Generated)
         0          0          0          0          0          0   (incl. Padding)

    ----------------------------------------------------------------------
         0          0          0          0          0          0   Library Totals
         0          0          0          0          0          0   (incl. Padding)

    ----------------------------------------------------------------------

==============================================================================


      Code (inc. data)   RO Data    RW Data    ZI Data      Debug   

        52         28          0          4          0        276   Grand Totals
        52         28          0          4          0        276   ELF Image Totals
        52         28          0          4          0          0   ROM Totals

==============================================================================

    Total RO  Size (Code + RO Data)                   52 (   0.05kB)
    Total RW  Size (RW Data + ZI Data)                 4 (   0.00kB)
    Total ROM Size (Code + RO Data + RW Data)         56 (   0.05kB)

==============================================================================

