<html>
<body>
<pre>
<h1>µVision Build Log</h1>
<h2>Tool Versions:</h2>
IDE-Version: µVision V5.25.2.0
Copyright (C) 2018 ARM Ltd and ARM Germany GmbH. All rights reserved.
License Information: P PRANJAL, P, LIC=----
 
Tool Versions:
Toolchain:       MDK-Lite  Version: 5.25.2.0
Toolchain Path:  P:\Keil_v5\ARM\ARMCC\Bin
C Compiler:      Armcc.exe V5.06 update 6 (build 750)
Assembler:       Armasm.exe V5.06 update 6 (build 750)
Linker/Locator:  ArmLink.exe V5.06 update 6 (build 750)
Library Manager: ArmAr.exe V5.06 update 6 (build 750)
Hex Converter:   FromElf.exe V5.06 update 6 (build 750)
CPU DLL:         SARM.DLL V5.25.2.0
Dialog DLL:      DARMP.DLL V1.53.0.0
Target DLL:      UL2ARM.DLL V1.74.10.0
Dialog DLL:      TARMP.DLL V1.53.0.0
 
<h2>Project:</h2>
D:\M.Tech\wilp.bits-pilani.ac.in\ht01011 - Documents\Keil Demo\Assignments\Ass_1a_ARMV4T\Ass_1a_ARMV4T.uvproj
Project File Date:  09/03/2022

<h2>Output:</h2>
*** Using Compiler 'V5.06 update 6 (build 750)', folder: 'P:\Keil_v5\ARM\ARMCC\Bin'
Rebuild target 'Target 1'
assembling Ass_1a_ARMV4T.s...
Ass_1a_ARMV4T.s(40): warning: A1608W: MOV pc,<rn> instruction used, but BX <rn> is preferred
linking...
.\Objects\Ass_1a_ARMV4T.sct(8): warning: L6314W: No section matches pattern *(InRoot$$Sections).
Program Size: Code=100 RO-data=0 RW-data=8 ZI-data=0  
Finished: 0 information, 1 warning and 0 error messages.
".\Objects\Ass_1a_ARMV4T.axf" - 0 Error(s), 2 Warning(s).
Build Time Elapsed:  00:00:01
</pre>
</body>
</html>
