Component: ARM Compiler 5.06 update 6 (build 750) Tool: armlink [4d35ed]

==============================================================================

Section Cross References

    ass_2_armv7t.o(RESET) refers to ass_2_armv7t.o(RES1) for DST


==============================================================================

Image Symbol Table

    Local Symbols

    Symbol Name                              Value     Ov Type        Size  Object(Section)

    Ass_2_ARMv7T.s                           0x00000000   Number         0  ass_2_armv7t.o ABSOLUTE
    RES1                                     0x20000000   Section        4  ass_2_armv7t.o(RES1)
    DST                                      0x20000000   Data           4  ass_2_armv7t.o(RES1)
    RESET                                    0x80000000   Section       84  ass_2_armv7t.o(RESET)
    $v0                                      0x80000008   Number         0  ass_2_armv7t.o(RESET)
    SRC                                      0x80000024   Data          40  ass_2_armv7t.o(RESET)

    Global Symbols

    Symbol Name                              Value     Ov Type        Size  Object(Section)

    BuildAttributes$$THM_ISAv4$E$P$D$K$B$S$7EM$VFPi3$EXTD16$VFPS$VFMA$PE$A:L22UL41UL21$X:L11$S22US41US21$IEEE1$IW$USESV6$~STKCKD$USESV7$~SHL$OSPACE$EBA8$STANDARDLIB$PRES8$EABIv2 0x00000000   Number         0  anon$$obj.o ABSOLUTE



==============================================================================

Memory Map of the image

  Image Entry point : 0x80000009

  Load Region LR_IROM1 (Base: 0x80000000, Size: 0x00000058, Max: 0x00100000, ABSOLUTE)

    Execution Region RW_IRAM1 (Exec base: 0x20000000, Load base: 0x80000054, Size: 0x00000004, Max: 0x00020000, ABSOLUTE)

    Exec Addr    Load Addr    Size         Type   Attr      Idx    E Section Name        Object

    0x20000000   0x80000054   0x00000004   Data   RW            2    RES1                ass_2_armv7t.o


    Execution Region ER_IROM1 (Exec base: 0x80000000, Load base: 0x80000000, Size: 0x00000054, Max: 0x00100000, ABSOLUTE)

    Exec Addr    Load Addr    Size         Type   Attr      Idx    E Section Name        Object

    0x80000000   0x80000000   0x00000054   Code   RO            1  * RESET               ass_2_armv7t.o


==============================================================================

Image component sizes


      Code (inc. data)   RO Data    RW Data    ZI Data      Debug   Object Name

        84         58          0          4          0        320   ass_2_armv7t.o

    ----------------------------------------------------------------------
        84         58          0          4          0        320   Object Totals
         0          0          0          0          0          0   (incl. Generated)
         0          0          0          0          0          0   (incl. Padding)

    ----------------------------------------------------------------------
         0          0          0          0          0          0   Library Totals
         0          0          0          0          0          0   (incl. Padding)

    ----------------------------------------------------------------------

==============================================================================


      Code (inc. data)   RO Data    RW Data    ZI Data      Debug   

        84         58          0          4          0        320   Grand Totals
        84         58          0          4          0        320   ELF Image Totals
        84         58          0          4          0          0   ROM Totals

==============================================================================

    Total RO  Size (Code + RO Data)                   84 (   0.08kB)
    Total RW  Size (RW Data + ZI Data)                 4 (   0.00kB)
    Total ROM Size (Code + RO Data + RW Data)         88 (   0.09kB)

==============================================================================

